// Jest Snapshot v1, https://goo.gl/fbAQLP

exports[`disable blur filter 1`] = `"data:image/png;base64,iVBORw0KGgoAAAANSUhEUgAAAEAAAAAmCAIAAAD7pgrOAAAACXBIWXMAAA7EAAAOxAGVKw4bAAABmklEQVRYw+2X/4qCQBSFff/nkBDSLHWtrDS11Cyz3mg/GhhagnYxNlf2zh+X03gmzjdefxmngQ9DAARAAARAAARAAARAAP4jwPF4/Hbmydqfm38L4Hw+U5umQaiqhNKPfu18FD0AsH9RFFG3263jOFVVJUmCqOt6s9m4rns4HFRoPZiZzWaswoyThUVRILIsA6PzCTG67X2appZlESUMwziOqfP5HIYgCJbLJQzUy+XCIfKRFU10jrIQM86P28BAfeUkGJ37h4h5nlPZPM/zFosFYjqdrtdrwOAhNNFHoxGhr9er7/uTyQQbiTlRGFjFX8HDz3cDsGfk2O/35ACDrUXsdjsygURiggLAjGma2NDKz1EgEeRmFQbme7gGAFitVuwc+z0ej8mBsG2btqZV6GxE27ZobFQ0HgwAKEGb0V2spYvefQ1oBlW5OtVtBx4tdFvrOxIzqlWU0Fd2P3eh5w+H+0yvPC7kSSwAAiAAAiAAAiAAAjBsgObpGABAWZZ8/RS3geAnnxNoPvoQvI3/dYD6bhC3/jp4M/8E0XSgawn0l5AAAAAASUVORK5CYII="`;

exports[`disable lazy loading 1`] = `"<img class=\\"g-image\\" src=\\"/assets/static/1000x600.97c148e.test.png\\" width=\\"1000\\" height=\\"600\\">"`;

exports[`generate srcset for image 1`] = `"data:image/png;base64,iVBORw0KGgoAAAANSUhEUgAAAEAAAAAmCAIAAAD7pgrOAAAACXBIWXMAAA7EAAAOxAGVKw4bAAABIklEQVRYw+2Waw6CMBCEuf+ZUKmCVvRQTjrpZsPDIMYSzMwvaCd0vnZZqJ47VyUAAQhAAAIQgAAEIIDVesxouXkDAC7cJ92nxKlB0Em/dxYCYBSsHWO8JV1HwiBmLZ/309B1nXeSoRwA02D5tm0vWecsXGOcEZmPuTHibRScmPqGYSUA0yNB0zSnpGMWRkIIhgGR08zmxDWcmAUhnrkBAJa3QIcsY+BpULhlehjquvZOzOJppQGwZ9jayRPgvlo5WYEZraWnE7OlTwD1ysr2ZR2yWNmUlZBVUXAiIQxF3wHfiKwLdU58d8ey/jMws1+V60Kewff1mDTu8b6TeqeZS38HlnyGP5X+hQQgAAEIQAACEMDP9P43pNpv9N0A9PP6B4AXTT2g13hBBY8AAAAASUVORK5CYII="`;

exports[`generate srcset for image 2`] = `"<img class=\\"g-image g-image--lazy g-image--loading\\" src=\\"data:image/png;base64,iVBORw0KGgoAAAANSUhEUgAAAEAAAAAmCAIAAAD7pgrOAAAACXBIWXMAAA7EAAAOxAGVKw4bAAABIklEQVRYw+2Waw6CMBCEuf+ZUKmCVvRQTjrpZsPDIMYSzMwvaCd0vnZZqJ47VyUAAQhAAAIQgAAEIIDVesxouXkDAC7cJ92nxKlB0Em/dxYCYBSsHWO8JV1HwiBmLZ/309B1nXeSoRwA02D5tm0vWecsXGOcEZmPuTHibRScmPqGYSUA0yNB0zSnpGMWRkIIhgGR08zmxDWcmAUhnrkBAJa3QIcsY+BpULhlehjquvZOzOJppQGwZ9jayRPgvlo5WYEZraWnE7OlTwD1ysr2ZR2yWNmUlZBVUXAiIQxF3wHfiKwLdU58d8ey/jMws1+V60Kewff1mDTu8b6TeqeZS38HlnyGP5X+hQQgAAEIQAACEMDP9P43pNpv9N0A9PP6B4AXTT2g13hBBY8AAAAASUVORK5CYII=\\" width=\\"1000\\" height=\\"600\\" data-srcset=\\"/assets/static/1000x600.82a2fbd.test.png 480w, /assets/static/1000x600.97c148e.test.png 1000w\\" data-sizes=\\"(max-width: 1000px) 100vw, 1000px\\" data-src=\\"/assets/static/1000x600.97c148e.test.png\\">"`;

exports[`generate srcset for image 3`] = `"<noscript><img class=\\"g-image g-image--lazy g-image--loaded\\" src=\\"/assets/static/1000x600.97c148e.test.png\\" width=\\"1000\\" height=\\"600\\"></noscript>"`;

exports[`placeholder with blurhash 1`] = `"data:image/jpeg;base64,/9j/2wBDAAUDBAQEAwUEBAQFBQUGBwwIBwcHBw8LCwkMEQ8SEhEPERETFhwXExQaFRERGCEYGh0dHx8fExciJCIeJBweHx7/2wBDAQUFBQcGBw4ICA4eFBEUHh4eHh4eHh4eHh4eHh4eHh4eHh4eHh4eHh4eHh4eHh4eHh4eHh4eHh4eHh4eHh4eHh7/wgARCAAmAEADASIAAhEBAxEB/8QAGAABAQEBAQAAAAAAAAAAAAAAAgABAwf/xAAUAQEAAAAAAAAAAAAAAAAAAAAA/9oADAMBAAIQAxAAAAH0UIBshadMOk6mJmZh0jGmB3FAqN2gmj//xAAUEAEAAAAAAAAAAAAAAAAAAABQ/9oACAEBAAEFAiP/xAAUEQEAAAAAAAAAAAAAAAAAAAAw/9oACAEDAQE/AU//xAAUEQEAAAAAAAAAAAAAAAAAAAAw/9oACAECAQE/AU//xAAUEAEAAAAAAAAAAAAAAAAAAABQ/9oACAEBAAY/AiP/xAAYEAEBAQEBAAAAAAAAAAAAAAABABARIP/aAAgBAQABPyGZ8M4zhjnZZbt27LLjPhnGcMZv/9oADAMBAAIAAwAAABBCiDihRQRzzzz/xAAUEQEAAAAAAAAAAAAAAAAAAAAw/9oACAEDAQE/EE//xAAUEQEAAAAAAAAAAAAAAAAAAAAw/9oACAECAQE/EE//xAAXEAEBAQEAAAAAAAAAAAAAAAABABAg/9oACAEBAAE/EF2GGXRZyhlLKWdQQ4AWcoYZZSnYw6f/2Q=="`;

exports[`placeholder with dominant 1`] = `"data:image/svg+xml;base64,PHN2ZyBmaWxsPSIjQzhDOEM4IiB2aWV3Qm94PSIwIDAgMTAwMCA2MDAiIHhtbG5zPSJodHRwOi8vd3d3LnczLm9yZy8yMDAwL3N2ZyI+PHBhdGggZD0iTTAgMGgxMDAwdjYwMEgweiIvPjwvc3ZnPg=="`;

exports[`placeholder with trace 1`] = `"data:image/svg+xml;base64,PHN2ZyB4bWxucz0iaHR0cDovL3d3dy53My5vcmcvMjAwMC9zdmciIHdpZHRoPSIyNTYiIGhlaWdodD0iMTUyIj48cGF0aCBkPSJNODcgNjljLTMgMy0zIDEyIDAgMTUgMSAyIDIgMiA0IDIgMi0xIDMtNCAzLTEwIDAtOC00LTExLTctN20xMiAwYy0zIDItMyAxMS0xIDE1IDEgMyA0IDMgNiAwIDQtNSAyLTE3LTItMTdsLTMgMm0xMi0xYy0zIDMtMyA5LTIgMTMgMyA4IDkgNSA5LTQgMC04LTQtMTItNy05bTM0IDBjLTEgMS0zIDYtMyAxMCAwIDcgNSAxMCA4IDYgNC01IDEtMTEtNC0xMC0yIDEtMiAwLTEtMSAxLTMgMi00IDQtMmgyYzAtMy0zLTUtNi0zbTExIDFjLTMgMy0yIDEyIDAgMTVzNSAyIDctMmMyLTYtMS0xNS01LTE1bC0yIDJtMTIgMGMtMyAyLTMgOS0yIDEzIDMgNyA5IDQgOS01IDAtOC00LTEyLTctOG0tOTAgMC0yIDItMiAxIDIgMWMyIDAgMiAxIDIgN2wxIDYgMS0xMC0xLTgtMSAxbTEwIDFjLTIgMi0xIDExIDEgMTNzMyAwIDMtNmMxLTYtMi05LTQtN20xMiAxYy0yIDItMiAxMSAwIDEyIDIgMiA0LTEgNC02IDAtNy0yLTktNC02bTEyLTFjLTIgMS0yIDEwLTEgMTIgMyA0IDUgMSA1LTUgMC01LTItOC00LTdtNDUgMGMtMiAyLTEgMTIgMCAxMyAyIDIgNCAxIDUtMyAxLTctMi0xMy01LTEwbTEyIDBjLTIgMS0yIDExIDAgMTNzNC0xIDQtNmMwLTYtMi05LTQtN20tNDMgMyAxIDNjMiAyIDIgMyAwIDVsLTEgNGMxIDEgMSAwIDItMSAyLTQgMi00IDQgMGwyIDJjMS0xIDAtMi0xLTQtMi0zLTItMyAwLTcgMi0yIDItMyAxLTNsLTIgMi0yIDItMS0yYy0xLTItMy0zLTMtMW0xOSA0Yy0xIDItMSA1IDEgNiAyIDIgNC0xIDQtNC0xLTMtMy00LTUtMiIgZmlsbC1ydWxlPSJldmVub2RkIi8+PC9zdmc+"`;

exports[`resize image by width attribute 1`] = `"data:image/png;base64,iVBORw0KGgoAAAANSUhEUgAAAEAAAAAmCAIAAAD7pgrOAAAACXBIWXMAAA7EAAAOxAGVKw4bAAABIklEQVRYw+2Waw6CMBCEuf+ZUKmCVvRQTjrpZsPDIMYSzMwvaCd0vnZZqJ47VyUAAQhAAAIQgAAEIIDVesxouXkDAC7cJ92nxKlB0Em/dxYCYBSsHWO8JV1HwiBmLZ/309B1nXeSoRwA02D5tm0vWecsXGOcEZmPuTHibRScmPqGYSUA0yNB0zSnpGMWRkIIhgGR08zmxDWcmAUhnrkBAJa3QIcsY+BpULhlehjquvZOzOJppQGwZ9jayRPgvlo5WYEZraWnE7OlTwD1ysr2ZR2yWNmUlZBVUXAiIQxF3wHfiKwLdU58d8ey/jMws1+V60Kewff1mDTu8b6TeqeZS38HlnyGP5X+hQQgAAEIQAACEMDP9P43pNpv9N0A9PP6B4AXTT2g13hBBY8AAAAASUVORK5CYII="`;

exports[`skip srcset and dataUri 1`] = `"<img class=\\"g-image\\" src=\\"/assets/static/1000x600.97c148e.test.png\\" width=\\"1000\\" height=\\"600\\">"`;
